ERROR NOTES 
